Microchip MPLAB XC8 Compiler V2.46

Linker command line:

-W-2 --edf=/Applications/microchip/xc8/v2.46/pic/dat/20240104201356_en.msgs \
  -cn -h+dist/default/production/QN8066_PIC16F.production.sym \
  --cmf=dist/default/production/QN8066_PIC16F.production.cmf -z -Q16F876A \
  -o/tmp/xcBhBtUWK/driver_tmp_3.o --defsym=__MPLAB_BUILD=1 \
  --fixupoverflow=error \
  -Mdist/default/production/QN8066_PIC16F.production.map \
  --md=/tmp/xcBhBtUWK/driver_tmp_0.dat -E1 -ver=XC8 Compiler --acfsm=1493 \
  -ACODE=00h-07FFhx4 -ASTRCODE=00h-01FFFh -ASTRING=00h-0FFhx32 \
  -ACONST=00h-0FFhx32 -AENTRY=00h-0FFhx32 -ACOMMON=070h-07Fh \
  -ABANK0=020h-06Fh -ABANK1=0A0h-0EFh -ABANK2=0110h-016Fh \
  -ABANK3=0190h-01EFh -ARAM=020h-06Fh,0A0h-0EFh,0110h-016Fh,0190h-01EFh \
  -AABS1=020h-07Fh,0A0h-0EFh,0110h-016Fh,0190h-01EFh -ASFR0=00h-01Fh \
  -ASFR1=080h-09Fh -ASFR2=0100h-010Fh -ASFR3=0180h-018Fh \
  -ACONFIG=02007h-02007h -DCONFIG=2 -AIDLOC=02000h-02003h -DIDLOC=2 \
  -AEEDATA=00h-0FFh/02100h -peeprom_data=EEDATA -DEEDATA=2 -DCODE=2 \
  -DSTRCODE=2 -DSTRING=2 -DCONST=2 -DENTRY=2 \
  -preset_vec=00h,intentry,sivt,init,end_init -ppowerup=CODE -pcinit=CODE \
  -pfunctab=ENTRY -k /tmp/xcBhBtUWK/driver_tmp_12.o \
  dist/default/production/QN8066_PIC16F.production.o 

Object code version is 3.11

Machine type is 16F876A



                Name                               Link     Load   Length Selector   Space Scale
/tmp/xcBhBtUWK/driver_tmp_12.o
                end_init                              0        0        3        0       0
                config                             2007     2007        1        0       4
dist/default/production/QN8066_PIC16F.production.o
                cinit                               7DE      7DE       22      FBC       0
                config                             2007     2007        1        0       4
                text8                               667      667       1E      CCE       0
                text7                               610      610        8      C20       0
                text6                               618      618        8      C30       0
                text5                               620      620       10      C40       0
                text4                               6AC      6AC       34      D58       0
                text3                               6E0      6E0       4B      DC0       0
                text2                               685      685       27      D0A       0
                text1                               72B      72B       B3      E56       0
                maintext                            630      630       12      C60       0
                cstackCOMMON                         70       70        B       70       1
                inittext                            654      654       13      CA8       0
                dataBANK0                            20       20       12       20       1
                bssBANK0                             32       32        D       20       1
                bssCOMMON                            7B       7B        3       70       1
                idataBANK0                          642      642       12      C84       0

TOTAL           Name                               Link     Load   Length     Space
        CLASS   CODE           
                end_init                              0        0        3         0
                cinit                               7DE      7DE       22         0
                text8                               667      667       1E         0
                text7                               610      610        8         0
                text6                               618      618        8         0
                text5                               620      620       10         0
                text4                               6AC      6AC       34         0
                text3                               6E0      6E0       4B         0
                text2                               685      685       27         0
                text1                               72B      72B       B3         0
                maintext                            630      630       12         0
                inittext                            654      654       13         0
                idataBANK0                          642      642       12         0

        CLASS   STRCODE        

        CLASS   STRING         

        CLASS   CONST          

        CLASS   ENTRY          

        CLASS   COMMON         
                cstackCOMMON                         70       70        B         1
                bssCOMMON                            7B       7B        3         1

        CLASS   BANK0          
                dataBANK0                            20       20       12         1
                bssBANK0                             32       32        D         1

        CLASS   BANK1          

        CLASS   BANK2          

        CLASS   BANK3          

        CLASS   RAM            

        CLASS   ABS1           
                abs_s1                               7E       7E        2         1

        CLASS   SFR0           

        CLASS   SFR1           

        CLASS   SFR2           

        CLASS   SFR3           

        CLASS   CONFIG         
                config                             2007     2007        1         4

        CLASS   IDLOC          

        CLASS   EEDATA         

        CLASS   HEAP           

        CLASS   STACK          



SEGMENTS        Name                           Load    Length   Top    Selector   Space  Class     Delta

                idataBANK0                     000642  000012  000654       C84       0  CODE        2
                text8                          000667  00001E  000685       CCE       0  CODE        2
                inittext                       000654  000013  000667       CA8       0  CODE        2
                reset_vec                      000000  000003  000003         0       0  CODE        2
                maintext                       000630  000012  000642       C60       0  CODE        2
                text2                          000685  000027  0006AC       D0A       0  CODE        2
                text4                          0006AC  000034  0006E0       D58       0  CODE        2
                text6                          000618  000008  000620       C30       0  CODE        2
                text7                          000610  000008  000618       C20       0  CODE        2
                text5                          000620  000010  000630       C40       0  CODE        2
                dataBANK0                      000020  00001F  00003F        20       1  BANK0       1
                cinit                          0007DE  000022  000800       FBC       0  CODE        2
                cstackCOMMON                   000070  00000E  00007E        70       1  COMMON      1
                text3                          0006E0  00004B  00072B       DC0       0  CODE        2
                text1                          00072B  0000B3  0007DE       E56       0  CODE        2


UNUSED ADDRESS RANGES

        Name                Unused          Largest block    Delta
        BANK0            003F-006F             31           1
        BANK1            00A0-00EF             50           1
        BANK2            0110-016F             60           1
        BANK3            0190-01EF             60           1
        CODE             0003-060F            60D           2
                         0800-1FFF            800
        CONST            0003-060F            100           2
                         0800-1FFF            100
        EEDATA           2100-21FF            100           2
        ENTRY            0003-060F            100           2
                         0800-1FFF            100
        IDLOC            2000-2003              4           2
        RAM              003F-006F             31           1
                         00A0-00EF             50
                         0110-016F             60
                         0190-01EF             60
        SFR0             0000-001F             20           1
        SFR1             0080-009F             20           1
        SFR2             0100-010F             10           1
        SFR3             0180-018F             10           1
        STRCODE          0003-060F            60D           2
                         0800-1FFF           1800
        STRING           0003-060F            100           2
                         0800-1FFF            100

                                  Symbol Table

_SSPBUF                     (abs)        0013
_SSPCON                     (abs)        0014
_SSPCON2                    (abs)        0091
_SSPCON2bits                (abs)        0091
_SSPSTAT                    (abs)        0094
_SSPSTATbits                (abs)        0094
_TRISC3                     (abs)        043B
_TRISC4                     (abs)        043C
__H__absolute__             __absolute__ 0000
__Habs1                     abs1         0000
__Hbank0                    bank0        0000
__Hbank1                    bank1        0000
__Hbank2                    bank2        0000
__Hbank3                    bank3        0000
__HbssBANK0                 bssBANK0     0000
__HbssCOMMON                bssCOMMON    0000
__Hcinit                    cinit        0800
__Hclrtext                  clrtext      0000
__Hcode                     code         0000
__Hcommon                   common       0000
__Hconfig                   config       2008
__HcstackCOMMON             cstackCOMMON 0000
__HdataBANK0                dataBANK0    0000
__Heeprom_data              eeprom_data  0000
__Hend_init                 end_init     0003
__Hfunctab                  functab      0000
__Hheap                     heap         0000
__HidataBANK0               idataBANK0   0000
__Hinit                     init         0000
__Hinittext                 inittext     0000
__Hintentry                 intentry     0000
__Hmaintext                 maintext     0000
__Hpowerup                  powerup      0000
__Hram                      ram          0000
__Hreset_vec                reset_vec    0000
__Hsfr0                     sfr0         0000
__Hsfr1                     sfr1         0000
__Hsfr2                     sfr2         0000
__Hsfr3                     sfr3         0000
__Hsivt                     sivt         0000
__Hspace_0                  (abs)        0800
__Hspace_1                  (abs)        007E
__Hspace_2                  (abs)        0000
__Hspace_3                  (abs)        0000
__Hspace_4                  (abs)        400F
__Hstack                    stack        0000
__Hstrings                  strings      0000
__Htext                     text         0000
__L__absolute__             __absolute__ 0000
__Labs1                     abs1         0000
__Lbank0                    bank0        0000
__Lbank1                    bank1        0000
__Lbank2                    bank2        0000
__Lbank3                    bank3        0000
__LbssBANK0                 bssBANK0     0000
__LbssCOMMON                bssCOMMON    0000
__Lcinit                    cinit        07DE
__Lclrtext                  clrtext      0000
__Lcode                     code         0000
__Lcommon                   common       0000
__Lconfig                   config       0000
__LcstackCOMMON             cstackCOMMON 0000
__LdataBANK0                dataBANK0    0000
__Leeprom_data              eeprom_data  0000
__Lend_init                 end_init     0000
__Lfunctab                  functab      0000
__Lheap                     heap         0000
__LidataBANK0               idataBANK0   0000
__Linit                     init         0000
__Linittext                 inittext     0000
__Lintentry                 intentry     0000
__Lmaintext                 maintext     0000
__Lpowerup                  powerup      0000
__Lram                      ram          0000
__Lreset_vec                reset_vec    0000
__Lsfr0                     sfr0         0000
__Lsfr1                     sfr1         0000
__Lsfr2                     sfr2         0000
__Lsfr3                     sfr3         0000
__Lsivt                     sivt         0000
__Lspace_0                  (abs)        0000
__Lspace_1                  (abs)        0000
__Lspace_2                  (abs)        0000
__Lspace_3                  (abs)        0000
__Lspace_4                  (abs)        0000
__Lstack                    stack        0000
__Lstrings                  strings      0000
__Ltext                     text         0000
__S0                        (abs)        0800
__S1                        (abs)        007E
__S3                        (abs)        0000
___heap_hi                  (abs)        0000
___heap_lo                  (abs)        0000
___int_sp                   stack        0000
___int_stack_hi             stack        0000
___int_stack_lo             stack        0000
___latbits                  (abs)        0002
___sp                       stack        0000
___stack_hi                 stack        0000
___stack_lo                 stack        0000
___stackhi                  (abs)        0000
___stacklo                  (abs)        0000
__end_of__initialization    cinit        07FC
__end_of_get_register       text4        06E0
__end_of_i2c_read           text8        0685
__end_of_i2c_start          text7        0618
__end_of_i2c_stop           text6        0620
__end_of_i2c_write          text5        0630
__end_of_main               maintext     0642
__end_of_qn8066_begin       text3        072B
__end_of_qn8066_set_tx      text1        07DE
__end_of_set_register       text2        06AC
__initialization            cinit        07DE
__pbssBANK0                 bssBANK0     0032
__pbssCOMMON                bssCOMMON    007B
__pcstackCOMMON             cstackCOMMON 0070
__pdataBANK0                dataBANK0    0020
__pidataBANK0               idataBANK0   0642
__pmaintext                 maintext     0630
__ptext1                    text1        072B
__ptext2                    text2        0685
__ptext3                    text3        06E0
__ptext4                    text4        06AC
__ptext5                    text5        0620
__ptext6                    text6        0618
__ptext7                    text7        0610
__ptext8                    text8        0667
_get_register               text4        06AC
_i2c_read                   text8        0667
_i2c_start                  text7        0610
_i2c_stop                   text6        0618
_i2c_write                  text5        0620
_main                       maintext     0630
_qn8066_begin               text3        06E0
_qn8066_set_tx              text1        072B
_reg_cca                    bssBANK0     003E
_reg_fdev                   bssBANK0     003D
_reg_gplt                   bssCOMMON    007B
_reg_int_ctrl               bssBANK0     003C
_reg_pac                    bssBANK0     0035
_reg_rds                    bssBANK0     0036
_reg_reg_vga                bssBANK0     0037
_reg_system1                bssCOMMON    007D
_reg_system2                bssCOMMON    007C
_reg_vol_ctl                bssBANK0     0034
_set_register               text2        0685
btemp                       (abs)        007E
end_of_initialization       cinit        07FC
get_register@registerNumber cstackCOMMON 0074
get_register@value          cstackCOMMON 0075
i2c_read@ack                cstackCOMMON 0070
i2c_read@aux                cstackCOMMON 0071
i2c_write@data              cstackCOMMON 0070
init_fetch0                 inittext     0654
init_ram0                   inittext     0658
intlevel0                   functab      0000
intlevel1                   functab      0000
intlevel2                   functab      0000
intlevel3                   functab      0000
intlevel4                   functab      0000
intlevel5                   functab      0000
qn8066_set_tx@auxFreq       cstackCOMMON 0079
qn8066_set_tx@frequency     cstackCOMMON 0075
reset_vec                   reset_vec    0000
set_register@registerNumber cstackCOMMON 0074
set_register@value          cstackCOMMON 0071
start                       init         0000
start_initialization        cinit        07DE
wtemp0                      (abs)        007E


MODULE INFORMATION

Module		Function		Class		Link	Load	Size
qn8066.c
		_i2c_start     		CODE           	0610	0000	8
		_qn8066_begin  		CODE           	06E0	0000	75
		_qn8066_set_tx 		CODE           	072B	0000	179
		_i2c_write     		CODE           	0620	0000	16
		_i2c_stop      		CODE           	0618	0000	8
		_i2c_read      		CODE           	0667	0000	30
		_get_register  		CODE           	06AC	0000	52
		_set_register  		CODE           	0685	0000	39

qn8066.c estimated size: 407

shared
		__initialization		CODE           	07DE	0000	30

shared estimated size: 30

main.c
		_main          		CODE           	0630	0000	18

main.c estimated size: 18

